<html>
<body>
<pre>
<h1>µVision Build Log</h1>
<h2>Project:</h2>
Z:\Desktop\Uni Classes\Year 2 Semester 1\CS 2208\Ass 5\assignment5.uvproj
Project File Date:  11/29/2022

<h2>Output:</h2>
Build target 'Target 1'
assembling question.s...
linking...
Program Size: Code=280 RO-data=0 RW-data=0 ZI-data=0  
".\assignment5.axf" - 0 Error(s), 0 Warning(s).
</pre>
</body>
</html>
 Error(s), 1 Warning(s).
Target not created
emester 1\CS 2208\Ass 5\assignment5.axf'. Debugger aborted !
W: '#' not seen before constant expression
question.s(18): error: A1163E: Unknown opcode Post , expecting opcode or Macro
".\assignment5.axf" - 1 Error(s), 4 Warning(s).
Target not created
ro
".\assignment5.axf" - 1 Error(s), 5 Warning(s).
Target not created
