<html>
<body>
<pre>
<h1>µVision Build Log</h1>
<h2>Project:</h2>
Z:\Desktop\Uni Classes\Year 2 Semester 1\CS 2208\Ass 4\question1.uvproj
Project File Date:  11/08/2022

<h2>Output:</h2>
Build target 'Target 1'
assembling question1.s...
linking...
Program Size: Code=96 RO-data=0 RW-data=0 ZI-data=0  
".\question1.axf" - 0 Error(s), 0 Warning(s).
 in data area
question1.s(4): error: A1186E: Code generated in data area
question1.s(5): error: A1186E: Code generated in data area
question1.s(6): error: A1186E: Code generated in data area
question1.s(7): error: A1186E: Code generated in data area
question1.s(8): error: A1186E: Code generated in data area
question1.s(9): error: A1186E: Code generated in data area
question1.s(10): error: A1186E: Code generated in data area
question1.s(11): error: A1186E: Code generated in data area
question1.s(12): error: A1186E: Code generated in data area
question1.s(13): error: A1186E: Code generated in data area
question1.s(14): error: A1186E: Code generated in data area
question1.s(15): error: A1186E: Code generated in data area
".\question1.axf" - 14 Error(s), 0 Warning(s).
Target not created
